Microchip MPLAB XC8 Compiler V1.34 ()

Linker command line:

-W-3 --edf=C:\Program Files (x86)\Microchip\xc8\v1.34\dat\en_msgs.txt -cs \
  -h+dist/default/production\openfield_lib.X.production.sym \
  --cmf=dist/default/production\openfield_lib.X.production.cmf -z -Q18F2520 \
  -oC:\Users\RAPHAE~1.PER\AppData\Local\Temp\sfr8.6 \
  -Mdist/default/production/openfield_lib.X.production.map -E1 -ver=XC8 \
  -ASTACK=094h-05ffh -pstack=STACK -ACODE=00h-07FFFh -ACONST=00h-07FFFh \
  -ASMALLCONST=0600h-06FFhx122 -AMEDIUMCONST=0600h-07FFFh -ACOMRAM=01h-07Fh \
  -AABS1=00h-05FFh -ABIGRAM=01h-05FFh -ARAM=080h-0FFh,0100h-01FFhx5 \
  -ABANK0=080h-0FFh -ABANK1=0100h-01FFh -ABANK2=0200h-02FFh \
  -ABANK3=0300h-03FFh -ABANK4=0400h-04FFh -ABANK5=0500h-05FFh \
  -ASFR=0F80h-0FFFh -preset_vec=00h,intcode,intcodelo,powerup,init,end_init \
  -pramtop=0600h -psmallconst=SMALLCONST -pmediumconst=MEDIUMCONST \
  -pconst=CONST -AFARRAM=00h-00h -ACONFIG=0300000h-030000Dh -pconfig=CONFIG \
  -AIDLOC=0200000h-0200007h -pidloc=IDLOC -AEEDATA=0F00000h-0F000FFh \
  -peeprom_data=EEDATA \
  -prdata=COMRAM,nvrram=COMRAM,nvbit=COMRAM,rbss=COMRAM,rbit=COMRAM \
  -pfarbss=FARRAM,fardata=FARRAM,nvFARRAM=FARRAM \
  -pintsave_regs=BIGRAM,bigbss=BIGRAM,bigdata=BIGRAM -pbss=RAM \
  -pidata=CODE,irdata=CODE,ibigdata=CODE,ifardata=CODE -prparam=COMRAM \
  C:\Users\RAPHAE~1.PER\AppData\Local\Temp\sfr8.obj \
  dist/default/production\openfield_lib.X.production.obj 

Object code version is 3.11

Machine type is 18F2520

Call graph: (short form)




                Name                               Link     Load   Length Selector   Space Scale
C:\Users\RAPHAE~1.PER\AppData\Local\Temp\sfr8.obj
                end_init                              0        0        4        0       0
                idloc                            200000   200000        8   200000       0
                config                           300000   300000        E   300000       0
dist/default/production\openfield_lib.X.production.obj
                mediumconst                        7EEE     7EEE      112     3F77       0
                text39                             6586     6586       26     32C3       0
                text38                             6518     6518       18     328C       0
                text37                             6710     6710       3E     3388       0
                text36                             64F4     64F4        C     327A       0
                text35                             6500     6500        C     3280       0
                text34                             650C     650C        C     3286       0
                text33                             65F8     65F8       2A     32FC       0
                text32                             66D8     66D8       38     336C       0
                text31                             6622     6622       2A     3311       0
                text30                             6CF4     6CF4       C2     367A       0
                text29                             6792     6792       48     33C9       0
                text28                             6AD6     6AD6       A6     356B       0
                text27                             6E86     6E86       D4     3743       0
                text26                             7152     7152      15A     38A9       0
                text25                             6B7C     6B7C       BA     35BE       0
                text24                             664C     664C       2A     3326       0
                text23                             6F5A     6F5A       FA     37AD       0
                text22                             64DE     64DE        4     326F       0
                text21                             6530     6530       1A     3298       0
                text20                             64E2     64E2        8     3271       0
                text19                             6826     6826       5C     3413       0
                text18                             67DA     67DA       4C     33ED       0
                text17                             6566     6566       20     32B3       0
                text16                             674E     674E       44     33A7       0
                text15                             6A3A     6A3A       9C     351D       0
                text14                             694C     694C       76     34A6       0
                text13                             6882     6882       62     3441       0
                text12                             6676     6676       2E     333B       0
                text11                             65AC     65AC       26     32D6       0
                text10                             6C36     6C36       BE     361B       0
                text9                              6DB6     6DB6       D0     36DB       0
                text8                              66A4     66A4       34     3352       0
                text7                              65D2     65D2       26     32E9       0
                text6                              72AC     72AC      186     3956       0
                text5                              654A     654A       1C     32A5       0
                text4                              69C2     69C2       78     34E1       0
                text3                              68E4     68E4       68     3472       0
                text2                              7432     7432      280     3A19       0
                text1                              76B2     76B2      83C     3B59       0
                text0                              7054     7054       FE     382A       0
                cstackCOMRAM                          1        1       7F        1       1
                cstackBANK0                          80       80       14       80       1
                cinit                              64EA     64EA        A     3275       0

TOTAL           Name                               Link     Load   Length     Space
        CLASS   STACK          

        CLASS   CODE           
                end_init                              0        0        4         0
                text39                             6586     6586       26         0
                text38                             6518     6518       18         0
                text37                             6710     6710       3E         0
                text36                             64F4     64F4        C         0
                text35                             6500     6500        C         0
                text34                             650C     650C        C         0
                text33                             65F8     65F8       2A         0
                text32                             66D8     66D8       38         0
                text31                             6622     6622       2A         0
                text30                             6CF4     6CF4       C2         0
                text29                             6792     6792       48         0
                text28                             6AD6     6AD6       A6         0
                text27                             6E86     6E86       D4         0
                text26                             7152     7152      15A         0
                text25                             6B7C     6B7C       BA         0
                text24                             664C     664C       2A         0
                text23                             6F5A     6F5A       FA         0
                text22                             64DE     64DE        4         0
                text21                             6530     6530       1A         0
                text20                             64E2     64E2        8         0
                text19                             6826     6826       5C         0
                text18                             67DA     67DA       4C         0
                text17                             6566     6566       20         0
                text16                             674E     674E       44         0
                text15                             6A3A     6A3A       9C         0
                text14                             694C     694C       76         0
                text13                             6882     6882       62         0
                text12                             6676     6676       2E         0
                text11                             65AC     65AC       26         0
                text10                             6C36     6C36       BE         0
                text9                              6DB6     6DB6       D0         0
                text8                              66A4     66A4       34         0
                text7                              65D2     65D2       26         0
                text6                              72AC     72AC      186         0
                text5                              654A     654A       1C         0
                text4                              69C2     69C2       78         0
                text3                              68E4     68E4       68         0
                text2                              7432     7432      280         0
                text1                              76B2     76B2      83C         0
                text0                              7054     7054       FE         0
                cinit                              64EA     64EA        A         0

        CLASS   CONST          

        CLASS   SMALLCONST     

        CLASS   MEDIUMCONST    
                mediumconst                        7EEE     7EEE      112         0

        CLASS   COMRAM         
                cstackCOMRAM                          1        1       7F         1

        CLASS   ABS1           

        CLASS   BIGRAM         

        CLASS   RAM            

        CLASS   BANK0          
                cstackBANK0                          80       80       14         1

        CLASS   BANK1          

        CLASS   BANK2          

        CLASS   BANK3          

        CLASS   BANK4          

        CLASS   BANK5          

        CLASS   SFR            

        CLASS   FARRAM         

        CLASS   CONFIG         
                config                           300000   300000        E         0

        CLASS   IDLOC          
                idloc                            200000   200000        8         0

        CLASS   EEDATA         



SEGMENTS        Name                           Load    Length   Top    Selector   Space  Class

                reset_vec                      000000  000004  000004         0       0  CODE    
                cstackCOMRAM                   000001  00007F  000080         1       1  COMRAM  
                cstackBANK0                    000080  000014  000094        80       1  BANK0   
                text22                         0064DE  000004  0064E2      326F       0  CODE    
                text20                         0064E2  000008  0064EA      3271       0  CODE    
                cinit                          0064EA  00000A  0064F4      3275       0  CODE    
                text36                         0064F4  00000C  006500      327A       0  CODE    
                text35                         006500  00000C  00650C      3280       0  CODE    
                text34                         00650C  00000C  006518      3286       0  CODE    
                text38                         006518  000018  006530      328C       0  CODE    
                text21                         006530  00001A  00654A      3298       0  CODE    
                text5                          00654A  00001C  006566      32A5       0  CODE    
                text17                         006566  000020  006586      32B3       0  CODE    
                text39                         006586  000026  0065AC      32C3       0  CODE    
                text11                         0065AC  000026  0065D2      32D6       0  CODE    
                text7                          0065D2  000026  0065F8      32E9       0  CODE    
                text33                         0065F8  00002A  006622      32FC       0  CODE    
                text31                         006622  00002A  00664C      3311       0  CODE    
                text24                         00664C  00002A  006676      3326       0  CODE    
                text12                         006676  00002E  0066A4      333B       0  CODE    
                text8                          0066A4  000034  0066D8      3352       0  CODE    
                text32                         0066D8  000038  006710      336C       0  CODE    
                text37                         006710  00003E  00674E      3388       0  CODE    
                text16                         00674E  000044  006792      33A7       0  CODE    
                text29                         006792  000048  0067DA      33C9       0  CODE    
                text18                         0067DA  00004C  006826      33ED       0  CODE    
                text19                         006826  00005C  006882      3413       0  CODE    
                text13                         006882  000062  0068E4      3441       0  CODE    
                text3                          0068E4  000068  00694C      3472       0  CODE    
                text14                         00694C  000076  0069C2      34A6       0  CODE    
                text4                          0069C2  000078  006A3A      34E1       0  CODE    
                text15                         006A3A  00009C  006AD6      351D       0  CODE    
                text28                         006AD6  0000A6  006B7C      356B       0  CODE    
                text25                         006B7C  0000BA  006C36      35BE       0  CODE    
                text10                         006C36  0000BE  006CF4      361B       0  CODE    
                text30                         006CF4  0000C2  006DB6      367A       0  CODE    
                text9                          006DB6  0000D0  006E86      36DB       0  CODE    
                text27                         006E86  0000D4  006F5A      3743       0  CODE    
                text23                         006F5A  0000FA  007054      37AD       0  CODE    
                text0                          007054  0000FE  007152      382A       0  CODE    
                text26                         007152  00015A  0072AC      38A9       0  CODE    
                text6                          0072AC  000186  007432      3956       0  CODE    
                text2                          007432  000280  0076B2      3A19       0  CODE    
                text1                          0076B2  00083C  007EEE      3B59       0  CODE    
                mediumconst                    007EEE  000112  008000      3F77       0  MEDIUMCO
                idloc                          200000  000008  200008    200000       0  IDLOC   
                config                         300000  00000E  30000E    300000       0  CONFIG  


UNUSED ADDRESS RANGES

        Name                Unused          Largest block    Delta
        BANK0            000094-0000FF               6C
        BANK1            000100-0001FF              100
        BANK2            000200-0002FF              100
        BANK3            000300-0003FF              100
        BANK4            000400-0004FF              100
        BANK5            000500-0005FF              100
        BIGRAM           000094-0005FF              56C
        CODE             000004-0064DD             64DA
        CONST            000004-0064DD             64DA
        EEDATA           F00000-F000FF              100
        MEDIUMCONST      000600-0064DD             5EDE
        RAM              000094-0005FF              100
        SFR              000F80-000FFF               80
        SMALLCONST       000600-0064DD              100
        STACK            000094-0005FF              56C

                                  Symbol Table

?_ES15007_Get_Serial           cstackCOMRAM 000004
?_ES15007_ReadPress            cstackCOMRAM 00004A
?_ES15007_ReadTemp             cstackCOMRAM 00004A
?___altofl                     cstackCOMRAM 00000B
?___awdiv                      cstackCOMRAM 000007
?___awmod                      cstackCOMRAM 000001
?___fladd                      cstackCOMRAM 00002F
?___fldiv                      cstackCOMRAM 00003B
?___flmul                      cstackCOMRAM 00000F
?___flneg                      cstackCOMRAM 000001
?___flpack                     cstackCOMRAM 000001
?___flsub                      cstackCOMRAM 00003B
?___fltol                      cstackCOMRAM 000027
?___lldiv                      cstackCOMRAM 000001
?___llmod                      cstackCOMRAM 00000E
?___lltofl                     cstackCOMRAM 00000B
?___lwtofl                     cstackCOMRAM 00000B
?___wmul                       cstackCOMRAM 000001
?__div_to_l_                   cstackCOMRAM 000001
?__tdiv_to_l_                  cstackCOMRAM 000001
?_fround                       cstackCOMRAM 00001E
?_scale                        cstackCOMRAM 00001E
?_sprintf                      cstackCOMRAM 00005A
Delay_ms@count                 cstackCOMRAM 000001
Delay_ms@i                     cstackCOMRAM 000004
ES15007_Get_Serial@serial      cstackCOMRAM 000006
ES15007_Get_Status@status      cstackCOMRAM 000004
ES15007_ReadPress@press        cstackCOMRAM 000052
ES15007_ReadPress@qzd_press_hi cstackCOMRAM 000058
ES15007_ReadPress@qzd_press_lo cstackCOMRAM 000056
ES15007_ReadTemp@qzd_temp_hi   cstackCOMRAM 000054
ES15007_ReadTemp@qzd_temp_lo   cstackCOMRAM 000052
ES15007_ReadTemp@temp          cstackCOMRAM 00004E
I2C_Init@clock_output          cstackCOMRAM 000001
I2C_ReadByte@acknowledge       cstackCOMRAM 000002
I2C_ReadByte@buffer_I2C        cstackCOMRAM 000003
I2C_WriteByte@data_out         cstackCOMRAM 000002
PL10                           text2        007640
PL12                           text1        007E14
PL14                           text6        0073EA
PL16                           text2        00764E
PL18                           text2        007662
PL2                            text2        0075F2
PL20                           text1        007E22
PL22                           text6        007400
PL24                           text1        007E4E
PL26                           text1        007E66
PL28                           text1        007E82
PL30                           text2        007690
PL32                           text1        007E90
PL34                           text2        00769E
PL36                           text1        007EA8
PL38                           text6        007412
PL4                            text2        00760E
PL40                           text26       007298
PL42                           text1        007EBE
PL44                           text6        007420
PL46                           text25       006C16
PL48                           text1        007ED0
PL50                           text2        0076A8
PL52                           text1        007EE0
PL54                           text25       006C28
PL56                           text30       006DAA
PL6                            text1        007E00
PL8                            text2        00762A
_ADCON1                        (abs)        000FC1
_BAUDCON                       (abs)        000FB8
_CMCON                         (abs)        000FB4
_Delay_ms                      text39       006586
_ES15007_Get_Serial            text32       0066D8
_ES15007_Get_Status            text31       006622
_ES15007_ReadPress             text27       006E86
_ES15007_ReadTemp              text23       006F5A
_I2C_Close                     text22       0064DE
_I2C_Idle                      text38       006518
_I2C_Init                      text21       006530
_I2C_ReadByte                  text37       006710
_I2C_RepeatedStart             text36       0064F4
_I2C_Start                     text35       006500
_I2C_Stop                      text34       00650C
_I2C_WriteByte                 text33       0065F8
_OSCCON                        (abs)        000FD3
_RCSTA                         (abs)        000FAB
_SPBRG                         (abs)        000FAF
_SSPADD                        (abs)        000FC8
_SSPBUF                        (abs)        000FC9
_SSPCON1                       (abs)        000FC6
_SSPCON1bits                   (abs)        000FC6
_SSPCON2                       (abs)        000FC5
_SSPCON2bits                   (abs)        000FC5
_SSPSTAT                       (abs)        000FC7
_SSPSTATbits                   (abs)        000FC7
_TRISA                         (abs)        000F92
_TRISB                         (abs)        000F93
_TRISC                         (abs)        000F94
_TRISCbits                     (abs)        000F94
_TXREG                         (abs)        000FAD
_TXSTA                         (abs)        000FAC
_TXSTAbits                     (abs)        000FAC
__CFG_BOREN$OFF                (abs)        000000
__CFG_BORV$3                   (abs)        000000
__CFG_CCP2MX$PORTC             (abs)        000000
__CFG_CP0$OFF                  (abs)        000000
__CFG_CP1$OFF                  (abs)        000000
__CFG_CP2$OFF                  (abs)        000000
__CFG_CP3$OFF                  (abs)        000000
__CFG_CPB$OFF                  (abs)        000000
__CFG_CPD$OFF                  (abs)        000000
__CFG_EBTR0$OFF                (abs)        000000
__CFG_EBTR1$OFF                (abs)        000000
__CFG_EBTR2$OFF                (abs)        000000
__CFG_EBTR3$OFF                (abs)        000000
__CFG_EBTRB$OFF                (abs)        000000
__CFG_FCMEN$OFF                (abs)        000000
__CFG_IESO$OFF                 (abs)        000000
__CFG_LPT1OSC$OFF              (abs)        000000
__CFG_LVP$OFF                  (abs)        000000
__CFG_MCLRE$ON                 (abs)        000000
__CFG_OSC$INTIO67              (abs)        000000
__CFG_PBADEN$OFF               (abs)        000000
__CFG_PWRT$OFF                 (abs)        000000
__CFG_STVREN$OFF               (abs)        000000
__CFG_WDT$OFF                  (abs)        000000
__CFG_WDTPS$32768              (abs)        000000
__CFG_WRT0$OFF                 (abs)        000000
__CFG_WRT1$OFF                 (abs)        000000
__CFG_WRT2$OFF                 (abs)        000000
__CFG_WRT3$OFF                 (abs)        000000
__CFG_WRTB$OFF                 (abs)        000000
__CFG_WRTC$OFF                 (abs)        000000
__CFG_WRTD$OFF                 (abs)        000000
__CFG_XINST$OFF                (abs)        000000
__HRAM                         (abs)        000000
__Habs1                        abs1         000000
__Hbank0                       bank0        000000
__Hbank1                       bank1        000000
__Hbank2                       bank2        000000
__Hbank3                       bank3        000000
__Hbank4                       bank4        000000
__Hbank5                       bank5        000000
__Hbigbss                      bigbss       000000
__Hbigdata                     bigdata      000000
__Hbigram                      bigram       000000
__Hbss                         bss          000000
__Hcinit                       cinit        000000
__Hclrtext                     clrtext      000000
__Hcomram                      comram       000000
__Hconfig                      config       30000E
__Hconst                       const        000000
__HcstackBANK0                 cstackBANK0  000000
__HcstackCOMRAM                cstackCOMRAM 000000
__Hdata                        data         000000
__Heeprom_data                 eeprom_data  000000
__Hend_init                    end_init     000004
__Hfarbss                      farbss       000000
__Hfardata                     fardata      000000
__Hibigdata                    ibigdata     000000
__Hidata                       idata        000000
__Hidloc                       idloc        200008
__Hifardata                    ifardata     000000
__Hinit                        init         000000
__Hintcode                     intcode      000000
__Hintcode_body                intcode_body 000000
__Hintcodelo                   intcodelo    000000
__Hintentry                    intentry     000000
__Hintret                      intret       000000
__Hintsave_regs                intsave_regs 000000
__Hirdata                      irdata       000000
__Hmediumconst                 mediumconst  008000
__HnvFARRAM                    nvFARRAM     000000
__Hnvbit                       nvbit        000000
__Hnvrram                      nvrram       000000
__Hpa_nodes                    pa_nodes     000000
__Hparam                       rparam       000000
__Hpowerup                     powerup      000000
__Hram                         ram          000000
__Hramtop                      ramtop       000600
__Hrbit                        rbit         000000
__Hrbss                        rbss         000000
__Hrdata                       rdata        000000
__Hreset_vec                   reset_vec    000000
__Hrparam                      rparam       000000
__Hsfr                         sfr          000000
__Hsmallconst                  smallconst   000000
__Hspace_0                     (abs)        30000E
__Hspace_1                     (abs)        000094
__Hspace_2                     (abs)        000000
__Hstack                       stack        000000
__Hstruct                      struct       000000
__Htemp                        temp         000000
__Htext                        text         000000
__Htext0                       text0        000000
__Htext1                       text1        000000
__Htext10                      text10       000000
__Htext11                      text11       000000
__Htext12                      text12       000000
__Htext13                      text13       000000
__Htext14                      text14       000000
__Htext15                      text15       000000
__Htext16                      text16       000000
__Htext17                      text17       000000
__Htext18                      text18       000000
__Htext19                      text19       000000
__Htext2                       text2        000000
__Htext20                      text20       000000
__Htext21                      text21       000000
__Htext22                      text22       000000
__Htext23                      text23       000000
__Htext24                      text24       000000
__Htext25                      text25       000000
__Htext26                      text26       000000
__Htext27                      text27       000000
__Htext28                      text28       000000
__Htext29                      text29       000000
__Htext3                       text3        000000
__Htext30                      text30       000000
__Htext31                      text31       000000
__Htext32                      text32       000000
__Htext33                      text33       000000
__Htext34                      text34       000000
__Htext35                      text35       000000
__Htext36                      text36       000000
__Htext37                      text37       000000
__Htext38                      text38       000000
__Htext39                      text39       000000
__Htext4                       text4        000000
__Htext5                       text5        000000
__Htext6                       text6        000000
__Htext7                       text7        000000
__Htext8                       text8        000000
__Htext9                       text9        000000
__LRAM                         (abs)        000001
__Labs1                        abs1         000000
__Lbank0                       bank0        000000
__Lbank1                       bank1        000000
__Lbank2                       bank2        000000
__Lbank3                       bank3        000000
__Lbank4                       bank4        000000
__Lbank5                       bank5        000000
__Lbigbss                      bigbss       000000
__Lbigdata                     bigdata      000000
__Lbigram                      bigram       000000
__Lbss                         bss          000000
__Lcinit                       cinit        000000
__Lclrtext                     clrtext      000000
__Lcomram                      comram       000000
__Lconfig                      config       300000
__Lconst                       const        000000
__LcstackBANK0                 cstackBANK0  000000
__LcstackCOMRAM                cstackCOMRAM 000000
__Ldata                        data         000000
__Leeprom_data                 eeprom_data  000000
__Lend_init                    end_init     000000
__Lfarbss                      farbss       000000
__Lfardata                     fardata      000000
__Libigdata                    ibigdata     000000
__Lidata                       idata        000000
__Lidloc                       idloc        200000
__Lifardata                    ifardata     000000
__Linit                        init         000000
__Lintcode                     intcode      000000
__Lintcode_body                intcode_body 000000
__Lintcodelo                   intcodelo    000000
__Lintentry                    intentry     000000
__Lintret                      intret       000000
__Lintsave_regs                intsave_regs 000000
__Lirdata                      irdata       000000
__Lmediumconst                 mediumconst  007EEE
__LnvFARRAM                    nvFARRAM     000000
__Lnvbit                       nvbit        000000
__Lnvrram                      nvrram       000000
__Lpa_nodes                    pa_nodes     000000
__Lparam                       rparam       000000
__Lpowerup                     powerup      000000
__Lram                         ram          000000
__Lramtop                      ramtop       000600
__Lrbit                        rbit         000000
__Lrbss                        rbss         000000
__Lrdata                       rdata        000000
__Lreset_vec                   reset_vec    000000
__Lrparam                      rparam       000000
__Lsfr                         sfr          000000
__Lsmallconst                  smallconst   000000
__Lspace_0                     (abs)        000000
__Lspace_1                     (abs)        000000
__Lspace_2                     (abs)        000000
__Lstack                       stack        000000
__Lstruct                      struct       000000
__Ltemp                        temp         000000
__Ltext                        text         000000
__Ltext0                       text0        000000
__Ltext1                       text1        000000
__Ltext10                      text10       000000
__Ltext11                      text11       000000
__Ltext12                      text12       000000
__Ltext13                      text13       000000
__Ltext14                      text14       000000
__Ltext15                      text15       000000
__Ltext16                      text16       000000
__Ltext17                      text17       000000
__Ltext18                      text18       000000
__Ltext19                      text19       000000
__Ltext2                       text2        000000
__Ltext20                      text20       000000
__Ltext21                      text21       000000
__Ltext22                      text22       000000
__Ltext23                      text23       000000
__Ltext24                      text24       000000
__Ltext25                      text25       000000
__Ltext26                      text26       000000
__Ltext27                      text27       000000
__Ltext28                      text28       000000
__Ltext29                      text29       000000
__Ltext3                       text3        000000
__Ltext30                      text30       000000
__Ltext31                      text31       000000
__Ltext32                      text32       000000
__Ltext33                      text33       000000
__Ltext34                      text34       000000
__Ltext35                      text35       000000
__Ltext36                      text36       000000
__Ltext37                      text37       000000
__Ltext38                      text38       000000
__Ltext39                      text39       000000
__Ltext4                       text4        000000
__Ltext5                       text5        000000
__Ltext6                       text6        000000
__Ltext7                       text7        000000
__Ltext8                       text8        000000
__Ltext9                       text9        000000
__S0                           (abs)        30000E
__S1                           (abs)        000094
__S2                           (abs)        000000
___altofl                      text29       006792
___altofl@c                    cstackCOMRAM 00000B
___altofl@sign                 cstackCOMRAM 00000F
___awdiv                       text4        0069C2
___awdiv@counter               cstackCOMRAM 00000B
___awdiv@dividend              cstackCOMRAM 000007
___awdiv@divisor               cstackCOMRAM 000009
___awdiv@quotient              cstackCOMRAM 00000D
___awdiv@sign                  cstackCOMRAM 00000C
___awmod                       text3        0068E4
___awmod@counter               cstackCOMRAM 000005
___awmod@dividend              cstackCOMRAM 000001
___awmod@divisor               cstackCOMRAM 000003
___awmod@sign                  cstackCOMRAM 000006
___fladd                       text26       007152
___fladd@exp1                  cstackCOMRAM 00003A
___fladd@exp2                  cstackCOMRAM 000039
___fladd@f1                    cstackCOMRAM 00002F
___fladd@f2                    cstackCOMRAM 000033
___fladd@sign                  cstackCOMRAM 000038
___fldiv                       text28       006AD6
___fldiv@cntr                  cstackCOMRAM 000047
___fldiv@exp                   cstackCOMRAM 000048
___fldiv@f1                    cstackCOMRAM 00003B
___fldiv@f2                    cstackCOMRAM 00003F
___fldiv@f3                    cstackCOMRAM 000043
___fldiv@sign                  cstackCOMRAM 000049
___flge                        text18       0067DA
___flge@ff1                    cstackCOMRAM 000001
___flge@ff2                    cstackCOMRAM 000005
___flmul                       text25       006B7C
___flmul@cntr                  cstackCOMRAM 00001C
___flmul@exp                   cstackCOMRAM 000017
___flmul@f1                    cstackCOMRAM 00000F
___flmul@f2                    cstackCOMRAM 000013
___flmul@f3_as_product         cstackCOMRAM 000018
___flmul@sign                  cstackCOMRAM 00001D
___flneg                       text17       006566
___flneg@f1                    cstackCOMRAM 000001
___flpack                      text30       006CF4
___flpack@arg                  cstackCOMRAM 000001
___flpack@exp                  cstackCOMRAM 000005
___flpack@sign                 cstackCOMRAM 000006
___flsub                       text16       00674E
___flsub@f1                    cstackCOMRAM 00003B
___flsub@f2                    cstackCOMRAM 00003F
___fltol                       text15       006A3A
___fltol@exp1                  cstackCOMRAM 000030
___fltol@f1                    cstackCOMRAM 000027
___fltol@sign1                 cstackCOMRAM 00002F
___inthi_sp                    stack        000000
___intlo_sp                    stack        000000
___lbdiv                       text8        0066A4
___lbdiv@counter               cstackCOMRAM 000007
___lbdiv@dividend              cstackCOMRAM 000006
___lbdiv@divisor               cstackCOMRAM 000005
___lbdiv@quotient              cstackCOMRAM 000008
___lbmod                       text7        0065D2
___lbmod@counter               cstackCOMRAM 000003
___lbmod@dividend              cstackCOMRAM 000002
___lbmod@divisor               cstackCOMRAM 000001
___lbmod@rem                   cstackCOMRAM 000004
___lldiv                       text14       00694C
___lldiv@counter               cstackCOMRAM 00000D
___lldiv@dividend              cstackCOMRAM 000001
___lldiv@divisor               cstackCOMRAM 000005
___lldiv@quotient              cstackCOMRAM 000009
___llmod                       text13       006882
___llmod@counter               cstackCOMRAM 000016
___llmod@dividend              cstackCOMRAM 00000E
___llmod@divisor               cstackCOMRAM 000012
___lltofl                      text12       006676
___lltofl@c                    cstackCOMRAM 00000B
___lwtofl                      text24       00664C
___lwtofl@c                    cstackCOMRAM 00000B
___param_bank                  (abs)        000010
___rparam_used                 (abs)        000001
___sp                          stack        000000
___wmul                        text11       0065AC
___wmul@multiplicand           cstackCOMRAM 000003
___wmul@multiplier             cstackCOMRAM 000001
___wmul@product                cstackCOMRAM 000005
__accesstop                    (abs)        000080
__activetblptr                 (abs)        000002
__div_to_l_                    text10       006C36
__div_to_l_@cntr               cstackCOMRAM 00000D
__div_to_l_@exp1               cstackCOMRAM 00000E
__div_to_l_@f1                 cstackCOMRAM 000001
__div_to_l_@f2                 cstackCOMRAM 000005
__div_to_l_@quot               cstackCOMRAM 000009
__end_ofPL10                   text2        00764E
__end_ofPL12                   text1        007E22
__end_ofPL14                   text6        007400
__end_ofPL16                   text2        007662
__end_ofPL18                   text2        007690
__end_ofPL2                    text2        00760E
__end_ofPL20                   text1        007E4E
__end_ofPL22                   text6        007412
__end_ofPL24                   text1        007E66
__end_ofPL26                   text1        007E82
__end_ofPL28                   text1        007E90
__end_ofPL30                   text2        00769E
__end_ofPL32                   text1        007EA8
__end_ofPL34                   text2        0076A8
__end_ofPL36                   text1        007EBE
__end_ofPL38                   text6        007420
__end_ofPL4                    text2        00762A
__end_ofPL40                   text26       0072AC
__end_ofPL42                   text1        007ED0
__end_ofPL44                   text6        007432
__end_ofPL46                   text25       006C28
__end_ofPL48                   text1        007EE0
__end_ofPL50                   text2        0076B2
__end_ofPL52                   text1        007EEE
__end_ofPL54                   text25       006C36
__end_ofPL56                   text30       006DB6
__end_ofPL6                    text1        007E14
__end_ofPL8                    text2        007640
__end_of_Delay_ms              text39       0065AC
__end_of_ES15007_Get_Serial    text32       006710
__end_of_ES15007_Get_Status    text31       00664C
__end_of_ES15007_ReadPress     text27       006F5A
__end_of_ES15007_ReadTemp      text23       007054
__end_of_I2C_Close             text22       0064E2
__end_of_I2C_Idle              text38       006530
__end_of_I2C_Init              text21       00654A
__end_of_I2C_ReadByte          text37       00674E
__end_of_I2C_RepeatedStart     text36       006500
__end_of_I2C_Start             text35       00650C
__end_of_I2C_Stop              text34       006518
__end_of_I2C_WriteByte         text33       006622
__end_of___altofl              text29       0067DA
__end_of___awdiv               text4        006A3A
__end_of___awmod               text3        00694C
__end_of___fladd               text26       007298
__end_of___fldiv               text28       006B7C
__end_of___flge                text18       006826
__end_of___flmul               text25       006C16
__end_of___flneg               text17       006586
__end_of___flpack              text30       006DAA
__end_of___flsub               text16       006792
__end_of___fltol               text15       006AD6
__end_of___lbdiv               text8        0066D8
__end_of___lbmod               text7        0065F8
__end_of___lldiv               text14       0069C2
__end_of___llmod               text13       0068E4
__end_of___lltofl              text12       0066A4
__end_of___lwtofl              text24       006676
__end_of___wmul                text11       0065D2
__end_of__div_to_l_            text10       006CF4
__end_of__initialization       cinit        0064EA
__end_of__npowers_             mediumconst  007F23
__end_of__powers_              mediumconst  007F57
__end_of__tdiv_to_l_           text9        006E86
__end_of_dpowers               mediumconst  007F7F
__end_of_fround                text6        0073EA
__end_of_isdigit               text5        006566
__end_of_main                  text0        007152
__end_of_putrsserial           text19       006882
__end_of_scale                 text2        0075F2
__end_of_sprintf               text1        007E00
__end_of_writeserial           text20       0064EA
__initialization               cinit        0064EA
__mediumconst                  mediumconst  007EEE
__npowers_                     mediumconst  007EEF
__pcinit                       cinit        0064EA
__pcstackBANK0                 cstackBANK0  000080
__pcstackCOMRAM                cstackCOMRAM 000001
__pmediumconst                 mediumconst  007EEE
__powers_                      mediumconst  007F23
__ptext0                       text0        007054
__ptext1                       text1        0076B2
__ptext10                      text10       006C36
__ptext11                      text11       0065AC
__ptext12                      text12       006676
__ptext13                      text13       006882
__ptext14                      text14       00694C
__ptext15                      text15       006A3A
__ptext16                      text16       00674E
__ptext17                      text17       006566
__ptext18                      text18       0067DA
__ptext19                      text19       006826
__ptext2                       text2        007432
__ptext20                      text20       0064E2
__ptext21                      text21       006530
__ptext22                      text22       0064DE
__ptext23                      text23       006F5A
__ptext24                      text24       00664C
__ptext25                      text25       006B7C
__ptext26                      text26       007152
__ptext27                      text27       006E86
__ptext28                      text28       006AD6
__ptext29                      text29       006792
__ptext3                       text3        0068E4
__ptext30                      text30       006CF4
__ptext31                      text31       006622
__ptext32                      text32       0066D8
__ptext33                      text33       0065F8
__ptext34                      text34       00650C
__ptext35                      text35       006500
__ptext36                      text36       0064F4
__ptext37                      text37       006710
__ptext38                      text38       006518
__ptext39                      text39       006586
__ptext4                       text4        0069C2
__ptext5                       text5        00654A
__ptext6                       text6        0072AC
__ptext7                       text7        0065D2
__ptext8                       text8        0066A4
__ptext9                       text9        006DB6
__ramtop                       ramtop       000600
__size_of_Delay_ms             (abs)        000000
__size_of_ES15007_Get_Serial   (abs)        000000
__size_of_ES15007_Get_Status   (abs)        000000
__size_of_ES15007_ReadPress    (abs)        000000
__size_of_ES15007_ReadTemp     (abs)        000000
__size_of_I2C_Close            (abs)        000000
__size_of_I2C_Idle             (abs)        000000
__size_of_I2C_Init             (abs)        000000
__size_of_I2C_ReadByte         (abs)        000000
__size_of_I2C_RepeatedStart    (abs)        000000
__size_of_I2C_Start            (abs)        000000
__size_of_I2C_Stop             (abs)        000000
__size_of_I2C_WriteByte        (abs)        000000
__size_of___altofl             (abs)        000000
__size_of___awdiv              (abs)        000000
__size_of___awmod              (abs)        000000
__size_of___fladd              (abs)        000000
__size_of___fldiv              (abs)        000000
__size_of___flge               (abs)        000000
__size_of___flmul              (abs)        000000
__size_of___flneg              (abs)        000000
__size_of___flpack             (abs)        000000
__size_of___flsub              (abs)        000000
__size_of___fltol              (abs)        000000
__size_of___lbdiv              (abs)        000000
__size_of___lbmod              (abs)        000000
__size_of___lldiv              (abs)        000000
__size_of___llmod              (abs)        000000
__size_of___lltofl             (abs)        000000
__size_of___lwtofl             (abs)        000000
__size_of___wmul               (abs)        000000
__size_of__div_to_l_           (abs)        000000
__size_of__tdiv_to_l_          (abs)        000000
__size_of_fround               (abs)        000000
__size_of_isdigit              (abs)        000000
__size_of_main                 (abs)        000000
__size_of_putrsserial          (abs)        000000
__size_of_scale                (abs)        000000
__size_of_sprintf              (abs)        000000
__size_of_writeserial          (abs)        000000
__smallconst                   smallconst   000000
__tdiv_to_l_                   text9        006DB6
__tdiv_to_l_@cntr              cstackCOMRAM 000010
__tdiv_to_l_@exp1              cstackCOMRAM 000011
__tdiv_to_l_@f1                cstackCOMRAM 000001
__tdiv_to_l_@f2                cstackCOMRAM 000005
__tdiv_to_l_@quot              cstackCOMRAM 00000C
_dpowers                       mediumconst  007F57
_fround                        text6        0072AC
_fround$1440                   cstackCOMRAM 00002A
_fround$1441                   cstackCOMRAM 000026
_isdigit                       text5        00654A
_isdigit$1182                  cstackCOMRAM 000002
_main                          text0        007054
_putrsserial                   text19       006826
_scale                         text2        007432
_scale$1442                    cstackCOMRAM 000022
_sprintf                       text1        0076B2
_sprintf$1443                  cstackCOMRAM 000064
_writeserial                   text20       0064E2
end_of_initialization          cinit        0064EA
fround@prec                    cstackCOMRAM 00002E
intlevel0                      text         000000
intlevel1                      text         000000
intlevel2                      text         000000
intlevel3                      text         000000
isdigit@c                      cstackCOMRAM 000003
main@aux                       cstackBANK0  000080
putrsserial@data               cstackCOMRAM 000002
scale@scl                      cstackCOMRAM 000026
sprintf@ap                     cstackCOMRAM 000068
sprintf@c                      cstackCOMRAM 00007E
sprintf@exp                    cstackCOMRAM 000071
sprintf@f                      cstackCOMRAM 00005A
sprintf@flag                   cstackCOMRAM 000073
sprintf@fval                   cstackCOMRAM 000077
sprintf@prec                   cstackCOMRAM 00007B
sprintf@sp                     cstackCOMRAM 00007D
sprintf@tmpval                 cstackCOMRAM 000069
sprintf@val                    cstackCOMRAM 00006D
sprintf@width                  cstackCOMRAM 000075
stackhi                        (abs)        0005FF
stacklo                        (abs)        000094
start                          init         000000
start_initialization           cinit        0064EA
writeserial@data               cstackCOMRAM 000001


FUNCTION INFORMATION:

 *************** function _main *****************
 Defined at:
		line 15 in file "main.c"
 Parameters:    Size  Location     Type
		None
 Auto vars:     Size  Location     Type
  aux            20    0[BANK0 ] unsigned char [20]
  temperaturee    4    0        float 
  qzd_temp_hi     2    0        struct .
  qzd_temp_lo     2    0        struct .
  serialn         2    0        unsigned int 
 Return value:  Size  Location     Type
		None               void
 Registers used:
		wreg, fsr0l, fsr0h, fsr2l, fsr2h, status,2, status,0, tblptrl, tblptrh, tblptru, prodl, prodh, cstack
 Tracked objects:
		On entry : 
		On exit  : 
		Unchanged: 
 Data sizes:     COMRAM   BANK0   BANK1   BANK2   BANK3   BANK4   BANK5
      Params:         0       0       0       0       0       0       0
      Locals:         0      20       0       0       0       0       0
      Temps:          1       0       0       0       0       0       0
      Totals:         1      20       0       0       0       0       0
Total ram usage:       21 bytes
 Hardware stack levels required when called:    4
 This function calls:
		_Delay_ms
		_ES15007_Get_Serial
		_ES15007_Get_Status
		_ES15007_ReadPress
		_ES15007_ReadTemp
		_I2C_Close
		_I2C_Init
		_putrsserial
		_sprintf
 This function is called by:
		Startup code after reset
 This function uses a non-reentrant model


 *************** function _sprintf *****************
 Defined at:
		line 492 in file "C:\Program Files (x86)\Microchip\xc8\v1.34\sources\common\doprnt.c"
 Parameters:    Size  Location     Type
  sp              1    wreg     PTR unsigned char 
		 -> main@aux(20), 
  f               2   89[COMRAM] PTR const unsigned char 
		 -> STR_6(27), STR_5(25), STR_4(18), STR_3(18), 
 Auto vars:     Size  Location     Type
  sp              1  124[COMRAM] PTR unsigned char 
		 -> main@aux(20), 
  fval            4  118[COMRAM] PTR unsigned char 
  val             4  108[COMRAM] unsigned long 
  tmpval          4  104[COMRAM] struct .
  cp              3    0        PTR const unsigned char 
  prec            2  122[COMRAM] int 
  width           2  116[COMRAM] int 
  flag            2  114[COMRAM] unsigned short 
  exp             2  112[COMRAM] int 
  len             2    0        unsigned int 
  c               1  125[COMRAM] char 
  ap              1  103[COMRAM] PTR void [1]
		 -> ?_sprintf(2), 
  d               1    0        unsigned char 
 Return value:  Size  Location     Type
                  2   89[COMRAM] int 
 Registers used:
		wreg, fsr2l, fsr2h, status,2, status,0, tblptrl, tblptrh, tblptru, prodl, prodh, cstack
 Tracked objects:
		On entry : 
		On exit  : 
		Unchanged: 
 Data sizes:     COMRAM   BANK0   BANK1   BANK2   BANK3   BANK4   BANK5
      Params:         6       0       0       0       0       0       0
      Locals:        27       0       0       0       0       0       0
      Temps:          4       0       0       0       0       0       0
      Totals:        37       0       0       0       0       0       0
Total ram usage:       37 bytes
 Hardware stack levels used:    1
 Hardware stack levels required when called:    3
 This function calls:
		___awdiv
		___fladd
		___flge
		___flmul
		___flneg
		___flsub
		___fltol
		___lldiv
		___llmod
		___lltofl
		___wmul
		__div_to_l_
		__tdiv_to_l_
		_fround
		_isdigit
		_scale
 This function is called by:
		_main
 This function uses a non-reentrant model


 *************** function _scale *****************
 Defined at:
		line 425 in file "C:\Program Files (x86)\Microchip\xc8\v1.34\sources\common\doprnt.c"
 Parameters:    Size  Location     Type
  scl             1    wreg     char 
 Auto vars:     Size  Location     Type
  scl             1   37[COMRAM] char 
 Return value:  Size  Location     Type
                  4   29[COMRAM] char 
 Registers used:
		wreg, status,2, status,0, tblptrl, tblptrh, tblptru, prodl, prodh, cstack
 Tracked objects:
		On entry : 
		On exit  : 
		Unchanged: 
 Data sizes:     COMRAM   BANK0   BANK1   BANK2   BANK3   BANK4   BANK5
      Params:         4       0       0       0       0       0       0
      Locals:         5       0       0       0       0       0       0
      Temps:          0       0       0       0       0       0       0
      Totals:         9       0       0       0       0       0       0
Total ram usage:        9 bytes
 Hardware stack levels used:    1
 Hardware stack levels required when called:    2
 This function calls:
		___awdiv
		___awmod
		___flmul
 This function is called by:
		_sprintf
 This function uses a non-reentrant model


 *************** function ___awmod *****************
 Defined at:
		line 8 in file "C:\Program Files (x86)\Microchip\xc8\v1.34\sources\common\awmod.c"
 Parameters:    Size  Location     Type
  dividend        2    0[COMRAM] int 
  divisor         2    2[COMRAM] int 
 Auto vars:     Size  Location     Type
  sign            1    5[COMRAM] unsigned char 
  counter         1    4[COMRAM] unsigned char 
 Return value:  Size  Location     Type
                  2    0[COMRAM] int 
 Registers used:
		wreg, status,2, status,0
 Tracked objects:
		On entry : 
		On exit  : 
		Unchanged: 
 Data sizes:     COMRAM   BANK0   BANK1   BANK2   BANK3   BANK4   BANK5
      Params:         4       0       0       0       0       0       0
      Locals:         2       0       0       0       0       0       0
      Temps:          0       0       0       0       0       0       0
      Totals:         6       0       0       0       0       0       0
Total ram usage:        6 bytes
 Hardware stack levels used:    1
 This function calls:
		Nothing
 This function is called by:
		_scale
 This function uses a non-reentrant model


 *************** function ___awdiv *****************
 Defined at:
		line 8 in file "C:\Program Files (x86)\Microchip\xc8\v1.34\sources\common\awdiv.c"
 Parameters:    Size  Location     Type
  dividend        2    6[COMRAM] int 
  divisor         2    8[COMRAM] int 
 Auto vars:     Size  Location     Type
  quotient        2   12[COMRAM] int 
  sign            1   11[COMRAM] unsigned char 
  counter         1   10[COMRAM] unsigned char 
 Return value:  Size  Location     Type
                  2    6[COMRAM] int 
 Registers used:
		wreg, status,2, status,0
 Tracked objects:
		On entry : 
		On exit  : 
		Unchanged: 
 Data sizes:     COMRAM   BANK0   BANK1   BANK2   BANK3   BANK4   BANK5
      Params:         4       0       0       0       0       0       0
      Locals:         4       0       0       0       0       0       0
      Temps:          0       0       0       0       0       0       0
      Totals:         8       0       0       0       0       0       0
Total ram usage:        8 bytes
 Hardware stack levels used:    1
 This function calls:
		Nothing
 This function is called by:
		_scale
		_sprintf
 This function uses a non-reentrant model


 *************** function _isdigit *****************
 Defined at:
		line 8 in file "C:\Program Files (x86)\Microchip\xc8\v1.34\sources\common\isdigit.c"
 Parameters:    Size  Location     Type
  c               1    wreg     unsigned char 
 Auto vars:     Size  Location     Type
  c               1    2[COMRAM] unsigned char 
 Return value:  Size  Location     Type
		None               void
 Registers used:
		wreg, status,2, status,0
 Tracked objects:
		On entry : 
		On exit  : 
		Unchanged: 
 Data sizes:     COMRAM   BANK0   BANK1   BANK2   BANK3   BANK4   BANK5
      Params:         0       0       0       0       0       0       0
      Locals:         2       0       0       0       0       0       0
      Temps:          1       0       0       0       0       0       0
      Totals:         3       0       0       0       0       0       0
Total ram usage:        3 bytes
 Hardware stack levels used:    1
 This function calls:
		Nothing
 This function is called by:
		_sprintf
 This function uses a non-reentrant model


 *************** function _fround *****************
 Defined at:
		line 409 in file "C:\Program Files (x86)\Microchip\xc8\v1.34\sources\common\doprnt.c"
 Parameters:    Size  Location     Type
  prec            1    wreg     unsigned char 
 Auto vars:     Size  Location     Type
  prec            1   45[COMRAM] unsigned char 
 Return value:  Size  Location     Type
                  4   29[COMRAM] unsigned char 
 Registers used:
		wreg, status,2, status,0, tblptrl, tblptrh, tblptru, prodl, prodh, cstack
 Tracked objects:
		On entry : 
		On exit  : 
		Unchanged: 
 Data sizes:     COMRAM   BANK0   BANK1   BANK2   BANK3   BANK4   BANK5
      Params:         4       0       0       0       0       0       0
      Locals:         9       0       0       0       0       0       0
      Temps:          4       0       0       0       0       0       0
      Totals:        17       0       0       0       0       0       0
Total ram usage:       17 bytes
 Hardware stack levels used:    1
 Hardware stack levels required when called:    2
 This function calls:
		___flmul
		___lbdiv
		___lbmod
 This function is called by:
		_sprintf
 This function uses a non-reentrant model


 *************** function ___lbmod *****************
 Defined at:
		line 4 in file "C:\Program Files (x86)\Microchip\xc8\v1.34\sources\common\lbmod.c"
 Parameters:    Size  Location     Type
  dividend        1    wreg     unsigned char 
  divisor         1    0[COMRAM] unsigned char 
 Auto vars:     Size  Location     Type
  dividend        1    1[COMRAM] unsigned char 
  rem             1    3[COMRAM] unsigned char 
  counter         1    2[COMRAM] unsigned char 
 Return value:  Size  Location     Type
                  1    wreg      unsigned char 
 Registers used:
		wreg, status,2, status,0
 Tracked objects:
		On entry : 
		On exit  : 
		Unchanged: 
 Data sizes:     COMRAM   BANK0   BANK1   BANK2   BANK3   BANK4   BANK5
      Params:         1       0       0       0       0       0       0
      Locals:         3       0       0       0       0       0       0
      Temps:          0       0       0       0       0       0       0
      Totals:         4       0       0       0       0       0       0
Total ram usage:        4 bytes
 Hardware stack levels used:    1
 This function calls:
		Nothing
 This function is called by:
		_fround
 This function uses a non-reentrant model


 *************** function ___lbdiv *****************
 Defined at:
		line 4 in file "C:\Program Files (x86)\Microchip\xc8\v1.34\sources\common\lbdiv.c"
 Parameters:    Size  Location     Type
  dividend        1    wreg     unsigned char 
  divisor         1    4[COMRAM] unsigned char 
 Auto vars:     Size  Location     Type
  dividend        1    5[COMRAM] unsigned char 
  quotient        1    7[COMRAM] unsigned char 
  counter         1    6[COMRAM] unsigned char 
 Return value:  Size  Location     Type
                  1    wreg      unsigned char 
 Registers used:
		wreg, status,2, status,0
 Tracked objects:
		On entry : 
		On exit  : 
		Unchanged: 
 Data sizes:     COMRAM   BANK0   BANK1   BANK2   BANK3   BANK4   BANK5
      Params:         1       0       0       0       0       0       0
      Locals:         3       0       0       0       0       0       0
      Temps:          0       0       0       0       0       0       0
      Totals:         4       0       0       0       0       0       0
Total ram usage:        4 bytes
 Hardware stack levels used:    1
 This function calls:
		Nothing
 This function is called by:
		_fround
 This function uses a non-reentrant model


 *************** function __tdiv_to_l_ *****************
 Defined at:
		line 60 in file "C:\Program Files (x86)\Microchip\xc8\v1.34\sources\common\ftdivl.c"
 Parameters:    Size  Location     Type
  f1              4    0[COMRAM] float 
  f2              4    4[COMRAM] float 
 Auto vars:     Size  Location     Type
  quot            4   11[COMRAM] unsigned long 
  exp1            1   16[COMRAM] unsigned char 
  cntr            1   15[COMRAM] unsigned char 
 Return value:  Size  Location     Type
                  4    0[COMRAM] unsigned long 
 Registers used:
		wreg, status,2, status,0
 Tracked objects:
		On entry : 
		On exit  : 
		Unchanged: 
 Data sizes:     COMRAM   BANK0   BANK1   BANK2   BANK3   BANK4   BANK5
      Params:         8       0       0       0       0       0       0
      Locals:         6       0       0       0       0       0       0
      Temps:          3       0       0       0       0       0       0
      Totals:        17       0       0       0       0       0       0
Total ram usage:       17 bytes
 Hardware stack levels used:    1
 This function calls:
		Nothing
 This function is called by:
		_sprintf
 This function uses a non-reentrant model


 *************** function __div_to_l_ *****************
 Defined at:
		line 60 in file "C:\Program Files (x86)\Microchip\xc8\v1.34\sources\common\fldivl.c"
 Parameters:    Size  Location     Type
  f1              4    0[COMRAM] unsigned long 
  f2              4    4[COMRAM] unsigned long 
 Auto vars:     Size  Location     Type
  quot            4    8[COMRAM] unsigned long 
  exp1            1   13[COMRAM] unsigned char 
  cntr            1   12[COMRAM] unsigned char 
 Return value:  Size  Location     Type
                  4    0[COMRAM] unsigned long 
 Registers used:
		wreg, status,2, status,0
 Tracked objects:
		On entry : 
		On exit  : 
		Unchanged: 
 Data sizes:     COMRAM   BANK0   BANK1   BANK2   BANK3   BANK4   BANK5
      Params:         8       0       0       0       0       0       0
      Locals:         6       0       0       0       0       0       0
      Temps:          0       0       0       0       0       0       0
      Totals:        14       0       0       0       0       0       0
Total ram usage:       14 bytes
 Hardware stack levels used:    1
 This function calls:
		Nothing
 This function is called by:
		_sprintf
 This function uses a non-reentrant model


 *************** function ___wmul *****************
 Defined at:
		line 15 in file "C:\Program Files (x86)\Microchip\xc8\v1.34\sources\common\Umul16.c"
 Parameters:    Size  Location     Type
  multiplier      2    0[COMRAM] unsigned int 
  multiplicand    2    2[COMRAM] unsigned int 
 Auto vars:     Size  Location     Type
  product         2    4[COMRAM] unsigned int 
 Return value:  Size  Location     Type
                  2    0[COMRAM] unsigned int 
 Registers used:
		wreg, status,2, status,0, prodl, prodh
 Tracked objects:
		On entry : 
		On exit  : 
		Unchanged: 
 Data sizes:     COMRAM   BANK0   BANK1   BANK2   BANK3   BANK4   BANK5
      Params:         4       0       0       0       0       0       0
      Locals:         2       0       0       0       0       0       0
      Temps:          0       0       0       0       0       0       0
      Totals:         6       0       0       0       0       0       0
Total ram usage:        6 bytes
 Hardware stack levels used:    1
 This function calls:
		Nothing
 This function is called by:
		_sprintf
 This function uses a non-reentrant model


 *************** function ___lltofl *****************
 Defined at:
		line 30 in file "C:\Program Files (x86)\Microchip\xc8\v1.34\sources\common\lltofl.c"
 Parameters:    Size  Location     Type
  c               4   10[COMRAM] unsigned long 
 Auto vars:     Size  Location     Type
		None
 Return value:  Size  Location     Type
                  4   10[COMRAM] unsigned long 
 Registers used:
		wreg, status,2, status,0, cstack
 Tracked objects:
		On entry : 
		On exit  : 
		Unchanged: 
 Data sizes:     COMRAM   BANK0   BANK1   BANK2   BANK3   BANK4   BANK5
      Params:         4       0       0       0       0       0       0
      Locals:         0       0       0       0       0       0       0
      Temps:          0       0       0       0       0       0       0
      Totals:         4       0       0       0       0       0       0
Total ram usage:        4 bytes
 Hardware stack levels used:    1
 Hardware stack levels required when called:    1
 This function calls:
		___flpack
 This function is called by:
		_sprintf
 This function uses a non-reentrant model


 *************** function ___llmod *****************
 Defined at:
		line 8 in file "C:\Program Files (x86)\Microchip\xc8\v1.34\sources\common\llmod.c"
 Parameters:    Size  Location     Type
  dividend        4   13[COMRAM] unsigned long 
  divisor         4   17[COMRAM] unsigned long 
 Auto vars:     Size  Location     Type
  counter         1   21[COMRAM] unsigned char 
 Return value:  Size  Location     Type
                  4   13[COMRAM] unsigned long 
 Registers used:
		wreg, status,2, status,0
 Tracked objects:
		On entry : 
		On exit  : 
		Unchanged: 
 Data sizes:     COMRAM   BANK0   BANK1   BANK2   BANK3   BANK4   BANK5
      Params:         8       0       0       0       0       0       0
      Locals:         1       0       0       0       0       0       0
      Temps:          0       0       0       0       0       0       0
      Totals:         9       0       0       0       0       0       0
Total ram usage:        9 bytes
 Hardware stack levels used:    1
 This function calls:
		Nothing
 This function is called by:
		_sprintf
 This function uses a non-reentrant model


 *************** function ___lldiv *****************
 Defined at:
		line 8 in file "C:\Program Files (x86)\Microchip\xc8\v1.34\sources\common\lldiv.c"
 Parameters:    Size  Location     Type
  dividend        4    0[COMRAM] unsigned long 
  divisor         4    4[COMRAM] unsigned long 
 Auto vars:     Size  Location     Type
  quotient        4    8[COMRAM] unsigned long 
  counter         1   12[COMRAM] unsigned char 
 Return value:  Size  Location     Type
                  4    0[COMRAM] unsigned long 
 Registers used:
		wreg, status,2, status,0
 Tracked objects:
		On entry : 
		On exit  : 
		Unchanged: 
 Data sizes:     COMRAM   BANK0   BANK1   BANK2   BANK3   BANK4   BANK5
      Params:         8       0       0       0       0       0       0
      Locals:         5       0       0       0       0       0       0
      Temps:          0       0       0       0       0       0       0
      Totals:        13       0       0       0       0       0       0
Total ram usage:       13 bytes
 Hardware stack levels used:    1
 This function calls:
		Nothing
 This function is called by:
		_sprintf
 This function uses a non-reentrant model


 *************** function ___fltol *****************
 Defined at:
		line 43 in file "C:\Program Files (x86)\Microchip\xc8\v1.34\sources\common\fltol.c"
 Parameters:    Size  Location     Type
  f1              4   38[COMRAM] unsigned long 
 Auto vars:     Size  Location     Type
  exp1            1   47[COMRAM] unsigned char 
  sign1           1   46[COMRAM] unsigned char 
 Return value:  Size  Location     Type
                  4   38[COMRAM] long 
 Registers used:
		wreg, status,2, status,0
 Tracked objects:
		On entry : 
		On exit  : 
		Unchanged: 
 Data sizes:     COMRAM   BANK0   BANK1   BANK2   BANK3   BANK4   BANK5
      Params:         4       0       0       0       0       0       0
      Locals:         2       0       0       0       0       0       0
      Temps:          4       0       0       0       0       0       0
      Totals:        10       0       0       0       0       0       0
Total ram usage:       10 bytes
 Hardware stack levels used:    1
 This function calls:
		Nothing
 This function is called by:
		_sprintf
 This function uses a non-reentrant model


 *************** function ___flsub *****************
 Defined at:
		line 20 in file "C:\Program Files (x86)\Microchip\xc8\v1.34\sources\common\flsub.c"
 Parameters:    Size  Location     Type
  f1              4   58[COMRAM] long 
  f2              4   62[COMRAM] long 
 Auto vars:     Size  Location     Type
		None
 Return value:  Size  Location     Type
                  4   58[COMRAM] long 
 Registers used:
		wreg, status,2, status,0, cstack
 Tracked objects:
		On entry : 
		On exit  : 
		Unchanged: 
 Data sizes:     COMRAM   BANK0   BANK1   BANK2   BANK3   BANK4   BANK5
      Params:         8       0       0       0       0       0       0
      Locals:         0       0       0       0       0       0       0
      Temps:          0       0       0       0       0       0       0
      Totals:         8       0       0       0       0       0       0
Total ram usage:        8 bytes
 Hardware stack levels used:    1
 Hardware stack levels required when called:    2
 This function calls:
		___fladd
 This function is called by:
		_sprintf
 This function uses a non-reentrant model


 *************** function ___flneg *****************
 Defined at:
		line 15 in file "C:\Program Files (x86)\Microchip\xc8\v1.34\sources\common\flneg.c"
 Parameters:    Size  Location     Type
  f1              4    0[COMRAM] long 
 Auto vars:     Size  Location     Type
		None
 Return value:  Size  Location     Type
                  4    0[COMRAM] long 
 Registers used:
		wreg, status,2, status,0
 Tracked objects:
		On entry : 
		On exit  : 
		Unchanged: 
 Data sizes:     COMRAM   BANK0   BANK1   BANK2   BANK3   BANK4   BANK5
      Params:         4       0       0       0       0       0       0
      Locals:         0       0       0       0       0       0       0
      Temps:          0       0       0       0       0       0       0
      Totals:         4       0       0       0       0       0       0
Total ram usage:        4 bytes
 Hardware stack levels used:    1
 This function calls:
		Nothing
 This function is called by:
		_sprintf
 This function uses a non-reentrant model


 *************** function ___flge *****************
 Defined at:
		line 4 in file "C:\Program Files (x86)\Microchip\xc8\v1.34\sources\common\flge.c"
 Parameters:    Size  Location     Type
  ff1             4    0[COMRAM] long 
  ff2             4    4[COMRAM] long 
 Auto vars:     Size  Location     Type
		None
 Return value:  Size  Location     Type
		None               void
 Registers used:
		wreg, status,2, status,0
 Tracked objects:
		On entry : 
		On exit  : 
		Unchanged: 
 Data sizes:     COMRAM   BANK0   BANK1   BANK2   BANK3   BANK4   BANK5
      Params:         8       0       0       0       0       0       0
      Locals:         0       0       0       0       0       0       0
      Temps:          0       0       0       0       0       0       0
      Totals:         8       0       0       0       0       0       0
Total ram usage:        8 bytes
 Hardware stack levels used:    1
 This function calls:
		Nothing
 This function is called by:
		_sprintf
 This function uses a non-reentrant model


 *************** function _putrsserial *****************
 Defined at:
		line 11 in file "serial.c"
 Parameters:    Size  Location     Type
  data            2    1[COMRAM] PTR const unsigned char 
		 -> main@aux(20), STR_2(14), STR_1(25), 
 Auto vars:     Size  Location     Type
		None
 Return value:  Size  Location     Type
		None               void
 Registers used:
		wreg, fsr0l, fsr0h, status,2, status,0, tblptrl, tblptrh, tblptru, cstack
 Tracked objects:
		On entry : 
		On exit  : 
		Unchanged: 
 Data sizes:     COMRAM   BANK0   BANK1   BANK2   BANK3   BANK4   BANK5
      Params:         2       0       0       0       0       0       0
      Locals:         0       0       0       0       0       0       0
      Temps:          2       0       0       0       0       0       0
      Totals:         4       0       0       0       0       0       0
Total ram usage:        4 bytes
 Hardware stack levels used:    1
 Hardware stack levels required when called:    1
 This function calls:
		_writeserial
 This function is called by:
		_main
 This function uses a non-reentrant model


 *************** function _writeserial *****************
 Defined at:
		line 29 in file "serial.c"
 Parameters:    Size  Location     Type
  data            1    wreg     unsigned char 
 Auto vars:     Size  Location     Type
  data            1    0[COMRAM] unsigned char 
 Return value:  Size  Location     Type
		None               void
 Registers used:
		wreg
 Tracked objects:
		On entry : 
		On exit  : 
		Unchanged: 
 Data sizes:     COMRAM   BANK0   BANK1   BANK2   BANK3   BANK4   BANK5
      Params:         0       0       0       0       0       0       0
      Locals:         1       0       0       0       0       0       0
      Temps:          0       0       0       0       0       0       0
      Totals:         1       0       0       0       0       0       0
Total ram usage:        1 bytes
 Hardware stack levels used:    1
 This function calls:
		Nothing
 This function is called by:
		_putrsserial
 This function uses a non-reentrant model


 *************** function _I2C_Init *****************
 Defined at:
		line 11 in file "my_i2c.c"
 Parameters:    Size  Location     Type
  clock_output    1    wreg     unsigned char 
 Auto vars:     Size  Location     Type
  clock_output    1    0[COMRAM] unsigned char 
 Return value:  Size  Location     Type
		None               void
 Registers used:
		wreg, status,2, status,0
 Tracked objects:
		On entry : 
		On exit  : 
		Unchanged: 
 Data sizes:     COMRAM   BANK0   BANK1   BANK2   BANK3   BANK4   BANK5
      Params:         0       0       0       0       0       0       0
      Locals:         1       0       0       0       0       0       0
      Temps:          0       0       0       0       0       0       0
      Totals:         1       0       0       0       0       0       0
Total ram usage:        1 bytes
 Hardware stack levels used:    1
 This function calls:
		Nothing
 This function is called by:
		_main
 This function uses a non-reentrant model


 *************** function _I2C_Close *****************
 Defined at:
		line 58 in file "my_i2c.c"
 Parameters:    Size  Location     Type
		None
 Auto vars:     Size  Location     Type
		None
 Return value:  Size  Location     Type
		None               void
 Registers used:
		status,2, status,0
 Tracked objects:
		On entry : 
		On exit  : 
		Unchanged: 
 Data sizes:     COMRAM   BANK0   BANK1   BANK2   BANK3   BANK4   BANK5
      Params:         0       0       0       0       0       0       0
      Locals:         0       0       0       0       0       0       0
      Temps:          0       0       0       0       0       0       0
      Totals:         0       0       0       0       0       0       0
Total ram usage:        0 bytes
 Hardware stack levels used:    1
 This function calls:
		Nothing
 This function is called by:
		_main
 This function uses a non-reentrant model


 *************** function _ES15007_ReadTemp *****************
 Defined at:
		line 92 in file "ES15007.c"
 Parameters:    Size  Location     Type
		None
 Auto vars:     Size  Location     Type
  temp            4   77[COMRAM] float 
  qzd_temp_hi     2   83[COMRAM] struct .
  qzd_temp_lo     2   81[COMRAM] struct .
 Return value:  Size  Location     Type
                  4   73[COMRAM] float 
 Registers used:
		wreg, status,2, status,0, cstack
 Tracked objects:
		On entry : 
		On exit  : 
		Unchanged: 
 Data sizes:     COMRAM   BANK0   BANK1   BANK2   BANK3   BANK4   BANK5
      Params:         4       0       0       0       0       0       0
      Locals:         8       0       0       0       0       0       0
      Temps:          0       0       0       0       0       0       0
      Totals:        12       0       0       0       0       0       0
Total ram usage:       12 bytes
 Hardware stack levels used:    1
 Hardware stack levels required when called:    2
 This function calls:
		_I2C_ReadByte
		_I2C_RepeatedStart
		_I2C_Start
		_I2C_Stop
		_I2C_WriteByte
		___fladd
		___fldiv
		___flmul
		___lwtofl
 This function is called by:
		_main
 This function uses a non-reentrant model


 *************** function ___lwtofl *****************
 Defined at:
		line 28 in file "C:\Program Files (x86)\Microchip\xc8\v1.34\sources\common\lwtofl.c"
 Parameters:    Size  Location     Type
  c               2   10[COMRAM] unsigned int 
 Auto vars:     Size  Location     Type
		None
 Return value:  Size  Location     Type
                  4   10[COMRAM] unsigned int 
 Registers used:
		wreg, status,2, status,0, cstack
 Tracked objects:
		On entry : 
		On exit  : 
		Unchanged: 
 Data sizes:     COMRAM   BANK0   BANK1   BANK2   BANK3   BANK4   BANK5
      Params:         4       0       0       0       0       0       0
      Locals:         0       0       0       0       0       0       0
      Temps:          0       0       0       0       0       0       0
      Totals:         4       0       0       0       0       0       0
Total ram usage:        4 bytes
 Hardware stack levels used:    1
 Hardware stack levels required when called:    1
 This function calls:
		___flpack
 This function is called by:
		_ES15007_ReadTemp
 This function uses a non-reentrant model


 *************** function ___flmul *****************
 Defined at:
		line 62 in file "C:\Program Files (x86)\Microchip\xc8\v1.34\sources\common\flmul.c"
 Parameters:    Size  Location     Type
  f1              4   14[COMRAM] unsigned int 
  f2              4   18[COMRAM] unsigned int 
 Auto vars:     Size  Location     Type
  f3_as_produc    4   23[COMRAM] unsigned long 
  sign            1   28[COMRAM] unsigned char 
  cntr            1   27[COMRAM] unsigned char 
  exp             1   22[COMRAM] unsigned char 
 Return value:  Size  Location     Type
                  4   14[COMRAM] unsigned char 
 Registers used:
		wreg, status,2, status,0, cstack
 Tracked objects:
		On entry : 
		On exit  : 
		Unchanged: 
 Data sizes:     COMRAM   BANK0   BANK1   BANK2   BANK3   BANK4   BANK5
      Params:         8       0       0       0       0       0       0
[...]
      Totals:        15       0       0       0       0       0       0
Total ram usage:       15 bytes
 Hardware stack levels used:    1
 Hardware stack levels required when called:    1
 This function calls:
		___flpack
 This function is called by:
		_ES15007_ReadPress
		_ES15007_ReadTemp
 This function uses a non-reentrant model


 *************** function ___altofl *****************
 Defined at:
		line 36 in file "C:\Program Files (x86)\Microchip\xc8\v1.34\sources\common\altofl.c"
 Parameters:    Size  Location     Type
  c               4   10[COMRAM] long 
 Auto vars:     Size  Location     Type
  sign            1   14[COMRAM] unsigned char 
 Return value:  Size  Location     Type
                  4   10[COMRAM] unsigned char 
 Registers used:
		wreg, status,2, status,0, cstack
 Tracked objects:
		On entry : 
		On exit  : 
		Unchanged: 
 Data sizes:     COMRAM   BANK0   BANK1   BANK2   BANK3   BANK4   BANK5
      Params:         4       0       0       0       0       0       0
      Locals:         1       0       0       0       0       0       0
      Temps:          0       0       0       0       0       0       0
      Totals:         5       0       0       0       0       0       0
Total ram usage:        5 bytes
 Hardware stack levels used:    1
 Hardware stack levels required when called:    1
 This function calls:
		___flpack
 This function is called by:
		_ES15007_ReadPress
 This function uses a non-reentrant model


 *************** function ___flpack *****************
 Defined at:
		line 63 in file "C:\Program Files (x86)\Microchip\xc8\v1.34\sources\common\double.c"
 Parameters:    Size  Location     Type
  arg             4    0[COMRAM] unsigned long 
  exp             1    4[COMRAM] unsigned char 
  sign            1    5[COMRAM] unsigned char 
 Auto vars:     Size  Location     Type
		None
 Return value:  Size  Location     Type
                  4    0[COMRAM] unsigned char 
 Registers used:
		wreg, status,2, status,0
 Tracked objects:
		On entry : 
		On exit  : 
		Unchanged: 
 Data sizes:     COMRAM   BANK0   BANK1   BANK2   BANK3   BANK4   BANK5
      Params:         6       0       0       0       0       0       0
      Locals:         0       0       0       0       0       0       0
      Temps:          4       0       0       0       0       0       0
      Totals:        10       0       0       0       0       0       0
Total ram usage:       10 bytes
 Hardware stack levels used:    1
 This function calls:
		Nothing
 This function is called by:
		___altofl
		___fladd
		___fldiv
		___flmul
		___lltofl
		___lwtofl
 This function uses a non-reentrant model


 *************** function _ES15007_Get_Status *****************
 Defined at:
		line 38 in file "ES15007.c"
 Parameters:    Size  Location     Type
		None
 Auto vars:     Size  Location     Type
  status          1    3[COMRAM] unsigned char 
 Return value:  Size  Location     Type
                  1    wreg      unsigned char 
 Registers used:
		wreg, status,2, status,0, cstack
 Tracked objects:
		On entry : 
		On exit  : 
		Unchanged: 
 Data sizes:     COMRAM   BANK0   BANK1   BANK2   BANK3   BANK4   BANK5
      Params:         0       0       0       0       0       0       0
      Locals:         1       0       0       0       0       0       0
      Temps:          0       0       0       0       0       0       0
      Totals:         1       0       0       0       0       0       0
Total ram usage:        1 bytes
 Hardware stack levels used:    1
 Hardware stack levels required when called:    2
 This function calls:
		_I2C_ReadByte
		_I2C_RepeatedStart
		_I2C_Start
		_I2C_Stop
		_I2C_WriteByte
 This function is called by:
		_main
 This function uses a non-reentrant model


 *************** function _ES15007_Get_Serial *****************
 Defined at:
		line 18 in file "ES15007.c"
 Parameters:    Size  Location     Type
		None
 Auto vars:     Size  Location     Type
  serial          2    5[COMRAM] struct .
 Return value:  Size  Location     Type
                  2    3[COMRAM] unsigned int 
 Registers used:
		wreg, status,2, status,0, cstack
 Tracked objects:
		On entry : 
		On exit  : 
		Unchanged: 
 Data sizes:     COMRAM   BANK0   BANK1   BANK2   BANK3   BANK4   BANK5
      Params:         2       0       0       0       0       0       0
      Locals:         2       0       0       0       0       0       0
      Temps:          0       0       0       0       0       0       0
      Totals:         4       0       0       0       0       0       0
Total ram usage:        4 bytes
 Hardware stack levels used:    1
 Hardware stack levels required when called:    2
 This function calls:
		_I2C_ReadByte
		_I2C_RepeatedStart
		_I2C_Start
		_I2C_Stop
		_I2C_WriteByte
 This function is called by:
		_main
 This function uses a non-reentrant model


 *************** function _I2C_WriteByte *****************
 Defined at:
		line 98 in file "my_i2c.c"
 Parameters:    Size  Location     Type
  data_out        1    wreg     unsigned char 
 Auto vars:     Size  Location     Type
  data_out        1    1[COMRAM] unsigned char 
 Return value:  Size  Location     Type
                  1    wreg      unsigned char 
 Registers used:
		wreg, status,2, status,0, cstack
 Tracked objects:
		On entry : 
		On exit  : 
		Unchanged: 
 Data sizes:     COMRAM   BANK0   BANK1   BANK2   BANK3   BANK4   BANK5
      Params:         0       0       0       0       0       0       0
      Locals:         1       0       0       0       0       0       0
      Temps:          0       0       0       0       0       0       0
      Totals:         1       0       0       0       0       0       0
Total ram usage:        1 bytes
 Hardware stack levels used:    1
 Hardware stack levels required when called:    1
 This function calls:
		_I2C_Idle
 This function is called by:
		_ES15007_Get_Serial
		_ES15007_Get_Status
		_ES15007_ReadPress
		_ES15007_ReadTemp
 This function uses a non-reentrant model


 *************** function _I2C_Stop *****************
 Defined at:
		line 45 in file "my_i2c.c"
 Parameters:    Size  Location     Type
		None
 Auto vars:     Size  Location     Type
		None
 Return value:  Size  Location     Type
		None               void
 Registers used:
		wreg, status,2, status,0, cstack
 Tracked objects:
		On entry : 
		On exit  : 
		Unchanged: 
 Data sizes:     COMRAM   BANK0   BANK1   BANK2   BANK3   BANK4   BANK5
      Params:         0       0       0       0       0       0       0
      Locals:         0       0       0       0       0       0       0
      Temps:          0       0       0       0       0       0       0
      Totals:         0       0       0       0       0       0       0
Total ram usage:        0 bytes
 Hardware stack levels used:    1
 Hardware stack levels required when called:    1
 This function calls:
		_I2C_Idle
 This function is called by:
		_ES15007_Get_Serial
		_ES15007_Get_Status
		_ES15007_ReadPress
		_ES15007_ReadTemp
 This function uses a non-reentrant model


 *************** function _I2C_Start *****************
 Defined at:
		line 27 in file "my_i2c.c"
 Parameters:    Size  Location     Type
		None
 Auto vars:     Size  Location     Type
		None
 Return value:  Size  Location     Type
		None               void
 Registers used:
		wreg, status,2, status,0, cstack
 Tracked objects:
		On entry : 
		On exit  : 
		Unchanged: 
 Data sizes:     COMRAM   BANK0   BANK1   BANK2   BANK3   BANK4   BANK5
      Params:         0       0       0       0       0       0       0
      Locals:         0       0       0       0       0       0       0
      Temps:          0       0       0       0       0       0       0
      Totals:         0       0       0       0       0       0       0
Total ram usage:        0 bytes
 Hardware stack levels used:    1
 Hardware stack levels required when called:    1
 This function calls:
		_I2C_Idle
 This function is called by:
		_ES15007_Get_Serial
		_ES15007_Get_Status
		_ES15007_ReadPress
		_ES15007_ReadTemp
 This function uses a non-reentrant model


 *************** function _I2C_RepeatedStart *****************
 Defined at:
		line 36 in file "my_i2c.c"
 Parameters:    Size  Location     Type
		None
 Auto vars:     Size  Location     Type
		None
 Return value:  Size  Location     Type
		None               void
 Registers used:
		wreg, status,2, status,0, cstack
 Tracked objects:
		On entry : 
		On exit  : 
		Unchanged: 
 Data sizes:     COMRAM   BANK0   BANK1   BANK2   BANK3   BANK4   BANK5
      Params:         0       0       0       0       0       0       0
      Locals:         0       0       0       0       0       0       0
      Temps:          0       0       0       0       0       0       0
      Totals:         0       0       0       0       0       0       0
Total ram usage:        0 bytes
 Hardware stack levels used:    1
 Hardware stack levels required when called:    1
 This function calls:
		_I2C_Idle
 This function is called by:
		_ES15007_Get_Serial
		_ES15007_Get_Status
		_ES15007_ReadPress
		_ES15007_ReadTemp
 This function uses a non-reentrant model


 *************** function _I2C_ReadByte *****************
 Defined at:
		line 63 in file "my_i2c.c"
 Parameters:    Size  Location     Type
  acknowledge     1    wreg     unsigned char 
 Auto vars:     Size  Location     Type
  acknowledge     1    1[COMRAM] unsigned char 
  buffer_I2C      1    2[COMRAM] unsigned char 
 Return value:  Size  Location     Type
                  1    wreg      unsigned char 
 Registers used:
		wreg, status,2, status,0, cstack
 Tracked objects:
		On entry : 
		On exit  : 
		Unchanged: 
 Data sizes:     COMRAM   BANK0   BANK1   BANK2   BANK3   BANK4   BANK5
      Params:         0       0       0       0       0       0       0
      Locals:         2       0       0       0       0       0       0
      Temps:          0       0       0       0       0       0       0
      Totals:         2       0       0       0       0       0       0
Total ram usage:        2 bytes
 Hardware stack levels used:    1
 Hardware stack levels required when called:    1
 This function calls:
		_I2C_Idle
 This function is called by:
		_ES15007_Get_Serial
		_ES15007_Get_Status
		_ES15007_ReadPress
		_ES15007_ReadTemp
 This function uses a non-reentrant model


 *************** function _I2C_Idle *****************
 Defined at:
		line 52 in file "my_i2c.c"
 Parameters:    Size  Location     Type
		None
 Auto vars:     Size  Location     Type
		None
 Return value:  Size  Location     Type
		None               void
 Registers used:
		wreg, status,2, status,0
 Tracked objects:
		On entry : 
		On exit  : 
		Unchanged: 
 Data sizes:     COMRAM   BANK0   BANK1   BANK2   BANK3   BANK4   BANK5
      Params:         0       0       0       0       0       0       0
      Locals:         0       0       0       0       0       0       0
      Temps:          1       0       0       0       0       0       0
      Totals:         1       0       0       0       0       0       0
Total ram usage:        1 bytes
 Hardware stack levels used:    1
 This function calls:
		Nothing
 This function is called by:
		_I2C_Start
		_I2C_RepeatedStart
		_I2C_Stop
		_I2C_ReadByte
		_I2C_WriteByte
 This function uses a non-reentrant model


 *************** function _Delay_ms *****************
 Defined at:
		line 11 in file "my_delays.c"
 Parameters:    Size  Location     Type
  count           2    0[COMRAM] unsigned int 
 Auto vars:     Size  Location     Type
  i               2    3[COMRAM] unsigned int 
 Return value:  Size  Location     Type
		None               void
 Registers used:
		wreg, status,2, status,0
 Tracked objects:
		On entry : 
		On exit  : 
		Unchanged: 
 Data sizes:     COMRAM   BANK0   BANK1   BANK2   BANK3   BANK4   BANK5
      Params:         2       0       0       0       0       0       0
      Locals:         2       0       0       0       0       0       0
      Temps:          1       0       0       0       0       0       0
      Totals:         5       0       0       0       0       0       0
Total ram usage:        5 bytes
 Hardware stack levels used:    1
 This function calls:
		Nothing
 This function is called by:
		_main
 This function uses a non-reentrant model



MODULE INFORMATION

Module		Function		Class		Link	Load	Size
serial.c
		_putrsserial   		CODE           	6826	0000	93
		_writeserial   		CODE           	64E2	0000	9

serial.c estimated size: 102

C:\Program Files (x86)\Microchip\xc8\v1.34\sources\common\flneg.c
		___flneg       		CODE           	6566	0000	33

C:\Program Files (x86)\Microchip\xc8\v1.34\sources\common\flneg.c estimated size: 33

C:\Program Files (x86)\Microchip\xc8\v1.34\sources\common\ftdivl.c
		__tdiv_to_l_   		CODE           	6DB6	0000	209

C:\Program Files (x86)\Microchip\xc8\v1.34\sources\common\ftdivl.c estimated size: 209

C:\Program Files (x86)\Microchip\xc8\v1.34\sources\common\lbdiv.c
		___lbdiv       		CODE           	66A4	0000	53

C:\Program Files (x86)\Microchip\xc8\v1.34\sources\common\lbdiv.c estimated size: 53

C:\Program Files (x86)\Microchip\xc8\v1.34\sources\common\flsub.c
		___flsub       		CODE           	674E	0000	69

C:\Program Files (x86)\Microchip\xc8\v1.34\sources\common\flsub.c estimated size: 69

my_i2c.c
		_I2C_Close     		CODE           	64DE	0000	5
		_I2C_Idle      		CODE           	6518	0000	25
		_I2C_RepeatedSt		CODE           	64F4	0000	13
		_I2C_Stop      		CODE           	650C	0000	13
		_I2C_WriteByte 		CODE           	65F8	0000	43
		_I2C_Init      		CODE           	6530	0000	27
		_I2C_ReadByte  		CODE           	6710	0000	63
		_I2C_Start     		CODE           	6500	0000	13

my_i2c.c estimated size: 202

C:\Program Files (x86)\Microchip\xc8\v1.34\sources\common\fldivl.c
		__div_to_l_    		CODE           	6C36	0000	191

C:\Program Files (x86)\Microchip\xc8\v1.34\sources\common\fldivl.c estimated size: 191

C:\Program Files (x86)\Microchip\xc8\v1.34\sources\common\awmod.c
		___awmod       		CODE           	68E4	0000	105

C:\Program Files (x86)\Microchip\xc8\v1.34\sources\common\awmod.c estimated size: 105

C:\Program Files (x86)\Microchip\xc8\v1.34\sources\common\llmod.c
		___llmod       		CODE           	6882	0000	99

C:\Program Files (x86)\Microchip\xc8\v1.34\sources\common\llmod.c estimated size: 99

C:\Program Files (x86)\Microchip\xc8\v1.34\sources\common\flmul.c
		___flmul       		CODE           	6B7C	0000	155

C:\Program Files (x86)\Microchip\xc8\v1.34\sources\common\flmul.c estimated size: 155

C:\Program Files (x86)\Microchip\xc8\v1.34\sources\common\double.c
		___flpack      		CODE           	6CF4	0000	183

C:\Program Files (x86)\Microchip\xc8\v1.34\sources\common\double.c estimated size: 183

C:\Program Files (x86)\Microchip\xc8\v1.34\sources\common\fldiv.c
		___fldiv       		CODE           	6AD6	0000	167

C:\Program Files (x86)\Microchip\xc8\v1.34\sources\common\fldiv.c estimated size: 167

C:\Program Files (x86)\Microchip\xc8\v1.34\sources\common\isdigit.c
		_isdigit       		CODE           	654A	0000	29

C:\Program Files (x86)\Microchip\xc8\v1.34\sources\common\isdigit.c estimated size: 29

ES15007.c
		_ES15007_ReadTe		CODE           	6F5A	0000	251
		_ES15007_ReadPr		CODE           	6E86	0000	213
		_ES15007_Get_Se		CODE           	66D8	0000	57
		_ES15007_Get_St		CODE           	6622	0000	43

ES15007.c estimated size: 564

shared
		PL12           		CODE           	7E14	0000	15
		PL50           		CODE           	76A8	0000	11
		PL8            		CODE           	762A	0000	23
		PL22           		CODE           	7400	0000	19
		PL32           		CODE           	7E90	0000	25
		PL42           		CODE           	7EBE	0000	19
		PL14           		CODE           	73EA	0000	23
		PL52           		CODE           	7EE0	0000	15
		PL24           		CODE           	7E4E	0000	25
		PL34           		CODE           	769E	0000	11
		PL44           		CODE           	7420	0000	19
		PL16           		CODE           	764E	0000	21
		PL54           		CODE           	6C28	0000	15
		PL26           		CODE           	7E66	0000	29
		__powers_      		MEDIUMCONST    	7F23	0000	53
		PL36           		CODE           	7EA8	0000	23
		PL46           		CODE           	6C16	0000	19
		_dpowers       		MEDIUMCONST    	7F57	0000	41
		PL18           		CODE           	7662	0000	47
		PL56           		CODE           	6DAA	0000	13
		PL28           		CODE           	7E82	0000	15
		PL38           		CODE           	7412	0000	15
		PL48           		CODE           	7ED0	0000	17
		__npowers_     		MEDIUMCONST    	7EEF	0000	53
		__initializatio		CODE           	64EA	0000	1
		PL2            		CODE           	75F2	0000	29
		PL10           		CODE           	7640	0000	15
		PL4            		CODE           	760E	0000	29
		PL20           		CODE           	7E22	0000	45
		PL30           		CODE           	7690	0000	15
		PL6            		CODE           	7E00	0000	21
		PL40           		CODE           	7298	0000	21

shared estimated size: 742

C:\Program Files (x86)\Microchip\xc8\v1.34\sources\common\awdiv.c
		___awdiv       		CODE           	69C2	0000	121

C:\Program Files (x86)\Microchip\xc8\v1.34\sources\common\awdiv.c estimated size: 121

C:\Program Files (x86)\Microchip\xc8\v1.34\sources\common\fltol.c
		___fltol       		CODE           	6A3A	0000	157

C:\Program Files (x86)\Microchip\xc8\v1.34\sources\common\fltol.c estimated size: 157

C:\Program Files (x86)\Microchip\xc8\v1.34\sources\common\lbmod.c
		___lbmod       		CODE           	65D2	0000	39

C:\Program Files (x86)\Microchip\xc8\v1.34\sources\common\lbmod.c estimated size: 39

C:\Program Files (x86)\Microchip\xc8\v1.34\sources\common\lldiv.c
		___lldiv       		CODE           	694C	0000	119

C:\Program Files (x86)\Microchip\xc8\v1.34\sources\common\lldiv.c estimated size: 119

C:\Program Files (x86)\Microchip\xc8\v1.34\sources\common\flge.c
		___flge        		CODE           	67DA	0000	77

C:\Program Files (x86)\Microchip\xc8\v1.34\sources\common\flge.c estimated size: 77

C:\Program Files (x86)\Microchip\xc8\v1.34\sources\common\doprnt.c
		_scale         		CODE           	7432	0000	449
		_sprintf       		CODE           	76B2	0000	1871
		_fround        		CODE           	72AC	0000	319

C:\Program Files (x86)\Microchip\xc8\v1.34\sources\common\doprnt.c estimated size: 2639

C:\Program Files (x86)\Microchip\xc8\v1.34\sources\common\lwtofl.c
		___lwtofl      		CODE           	664C	0000	43

C:\Program Files (x86)\Microchip\xc8\v1.34\sources\common\lwtofl.c estimated size: 43

my_delays.c
		_Delay_ms      		CODE           	6586	0000	39

my_delays.c estimated size: 39

C:\Program Files (x86)\Microchip\xc8\v1.34\sources\common\fladd.c
		___fladd       		CODE           	7152	0000	327

C:\Program Files (x86)\Microchip\xc8\v1.34\sources\common\fladd.c estimated size: 327

C:\Program Files (x86)\Microchip\xc8\v1.34\sources\common\lltofl.c
		___lltofl      		CODE           	6676	0000	47

C:\Program Files (x86)\Microchip\xc8\v1.34\sources\common\lltofl.c estimated size: 47

C:\Program Files (x86)\Microchip\xc8\v1.34\sources\common\altofl.c
		___altofl      		CODE           	6792	0000	73

C:\Program Files (x86)\Microchip\xc8\v1.34\sources\common\altofl.c estimated size: 73

main.c
		_main          		CODE           	7054	0000	255

main.c estimated size: 255

C:\Program Files (x86)\Microchip\xc8\v1.34\sources\common\Umul16.c
		___wmul        		CODE           	65AC	0000	39

C:\Program Files (x86)\Microchip\xc8\v1.34\sources\common\Umul16.c estimated size: 39

